1 and
1 it
1 on
1 punctuation
1 redundant
1 should
1 splitting
2 are
2 here
2 some
2 test
2 words
