word list is:
2 one
1 three
1 two
w2 is equal to w3
word list in testfunc: 
2 one
1 three
1 two
2 one
1 three
1 two
