
NAME LIST
Mary Smith 
Patricia Mary Johnson 
Michael William Johnson 
Barbara Patricia Johnson 
Robert James Smith 
Linda Mary Smith 


CHILDREN LIST
Mary Smith: Patricia Mary Johnson, Robert James Smith, Linda Mary Smith, 
Patricia Mary Johnson: Michael William Johnson, Barbara Patricia Johnson, 
Michael William Johnson: Susan Jennifer Johnson, 
Barbara Patricia Johnson: 
Robert James Smith: 
Linda Mary Smith: 

JAMES' CHILDREN
James Smith: Patricia Mary Johnson, Robert James Smith, Linda Mary Smith, 
